// Jest Snapshot v1, https://goo.gl/fbAQLP

exports[`<CountButton /> should match a snapshot 1`] = `
<CountButton
  onDecrement={[MockFunction]}
  onIncrement={[MockFunction]}
>
  <Styled(Component)>
    <ForwardRef
      className="eNdXh"
    >
      <Styled(Styled(MuiBox))
        className="eNdXh"
      >
        <Styled(MuiBox)
          className="dUNeVP eNdXh"
        >
          <div
            className="MuiBox-root MuiBox-root-1 dUNeVP eNdXh"
          >
            <WithStyles(ForwardRef(IconButton))
              aria-label="remove"
              color="inherit"
              onClick={[MockFunction]}
              size="small"
            >
              <ForwardRef(IconButton)
                aria-label="remove"
                classes={
                  Object {
                    "colorInherit": "MuiIconButton-colorInherit",
                    "colorPrimary": "MuiIconButton-colorPrimary",
                    "colorSecondary": "MuiIconButton-colorSecondary",
                    "disabled": "Mui-disabled",
                    "edgeEnd": "MuiIconButton-edgeEnd",
                    "edgeStart": "MuiIconButton-edgeStart",
                    "label": "MuiIconButton-label",
                    "root": "MuiIconButton-root",
                    "sizeSmall": "MuiIconButton-sizeSmall",
                  }
                }
                color="inherit"
                onClick={[MockFunction]}
                size="small"
              >
                <WithStyles(ForwardRef(ButtonBase))
                  aria-label="remove"
                  centerRipple={true}
                  className="MuiIconButton-root MuiIconButton-colorInherit MuiIconButton-sizeSmall"
                  disabled={false}
                  focusRipple={true}
                  onClick={[MockFunction]}
                >
                  <ForwardRef(ButtonBase)
                    aria-label="remove"
                    centerRipple={true}
                    className="MuiIconButton-root MuiIconButton-colorInherit MuiIconButton-sizeSmall"
                    classes={
                      Object {
                        "disabled": "Mui-disabled",
                        "focusVisible": "Mui-focusVisible",
                        "root": "MuiButtonBase-root",
                      }
                    }
                    disabled={false}
                    focusRipple={true}
                    onClick={[MockFunction]}
                  >
                    <button
                      aria-label="remove"
                      className="MuiButtonBase-root MuiIconButton-root MuiIconButton-colorInherit MuiIconButton-sizeSmall"
                      disabled={false}
                      onBlur={[Function]}
                      onClick={[MockFunction]}
                      onDragLeave={[Function]}
                      onFocus={[Function]}
                      onKeyDown={[Function]}
                      onKeyUp={[Function]}
                      onMouseDown={[Function]}
                      onMouseLeave={[Function]}
                      onMouseUp={[Function]}
                      onTouchEnd={[Function]}
                      onTouchMove={[Function]}
                      onTouchStart={[Function]}
                      tabIndex={0}
                      type="button"
                    >
                      <span
                        className="MuiIconButton-label"
                      >
                        <ForwardRef>
                          <WithStyles(ForwardRef(SvgIcon))>
                            <ForwardRef(SvgIcon)
                              classes={
                                Object {
                                  "colorAction": "MuiSvgIcon-colorAction",
                                  "colorDisabled": "MuiSvgIcon-colorDisabled",
                                  "colorError": "MuiSvgIcon-colorError",
                                  "colorPrimary": "MuiSvgIcon-colorPrimary",
                                  "colorSecondary": "MuiSvgIcon-colorSecondary",
                                  "fontSizeInherit": "MuiSvgIcon-fontSizeInherit",
                                  "fontSizeLarge": "MuiSvgIcon-fontSizeLarge",
                                  "fontSizeSmall": "MuiSvgIcon-fontSizeSmall",
                                  "root": "MuiSvgIcon-root",
                                }
                              }
                            >
                              <svg
                                aria-hidden={true}
                                className="MuiSvgIcon-root"
                                focusable="false"
                                viewBox="0 0 24 24"
                              >
                                <path
                                  d="M19 13H5v-2h14v2z"
                                />
                              </svg>
                            </ForwardRef(SvgIcon)>
                          </WithStyles(ForwardRef(SvgIcon))>
                        </ForwardRef>
                      </span>
                      <WithStyles(memo)
                        center={true}
                      >
                        <ForwardRef(TouchRipple)
                          center={true}
                          classes={
                            Object {
                              "child": "MuiTouchRipple-child",
                              "childLeaving": "MuiTouchRipple-childLeaving",
                              "childPulsate": "MuiTouchRipple-childPulsate",
                              "ripple": "MuiTouchRipple-ripple",
                              "ripplePulsate": "MuiTouchRipple-ripplePulsate",
                              "rippleVisible": "MuiTouchRipple-rippleVisible",
                              "root": "MuiTouchRipple-root",
                            }
                          }
                        >
                          <span
                            className="MuiTouchRipple-root"
                          >
                            <TransitionGroup
                              childFactory={[Function]}
                              component={null}
                              exit={true}
                            />
                          </span>
                        </ForwardRef(TouchRipple)>
                      </WithStyles(memo)>
                    </button>
                  </ForwardRef(ButtonBase)>
                </WithStyles(ForwardRef(ButtonBase))>
              </ForwardRef(IconButton)>
            </WithStyles(ForwardRef(IconButton))>
            <Text
              variant="button"
            >
              <Styled(WithStyles(ForwardRef(Typography)))
                variant="button"
              >
                <WithStyles(ForwardRef(Typography))
                  className=""
                  variant="button"
                >
                  <ForwardRef(Typography)
                    className=""
                    classes={
                      Object {
                        "alignCenter": "MuiTypography-alignCenter",
                        "alignJustify": "MuiTypography-alignJustify",
                        "alignLeft": "MuiTypography-alignLeft",
                        "alignRight": "MuiTypography-alignRight",
                        "body1": "MuiTypography-body1",
                        "body2": "MuiTypography-body2",
                        "button": "MuiTypography-button",
                        "caption": "MuiTypography-caption",
                        "colorError": "MuiTypography-colorError",
                        "colorInherit": "MuiTypography-colorInherit",
                        "colorPrimary": "MuiTypography-colorPrimary",
                        "colorSecondary": "MuiTypography-colorSecondary",
                        "colorTextPrimary": "MuiTypography-colorTextPrimary",
                        "colorTextSecondary": "MuiTypography-colorTextSecondary",
                        "displayBlock": "MuiTypography-displayBlock",
                        "displayInline": "MuiTypography-displayInline",
                        "gutterBottom": "MuiTypography-gutterBottom",
                        "h1": "MuiTypography-h1",
                        "h2": "MuiTypography-h2",
                        "h3": "MuiTypography-h3",
                        "h4": "MuiTypography-h4",
                        "h5": "MuiTypography-h5",
                        "h6": "MuiTypography-h6",
                        "noWrap": "MuiTypography-noWrap",
                        "overline": "MuiTypography-overline",
                        "paragraph": "MuiTypography-paragraph",
                        "root": "MuiTypography-root",
                        "srOnly": "MuiTypography-srOnly",
                        "subtitle1": "MuiTypography-subtitle1",
                        "subtitle2": "MuiTypography-subtitle2",
                      }
                    }
                    variant="button"
                  >
                    <span
                      className="MuiTypography-root MuiTypography-button"
                    >
                      2
                    </span>
                  </ForwardRef(Typography)>
                </WithStyles(ForwardRef(Typography))>
              </Styled(WithStyles(ForwardRef(Typography)))>
            </Text>
            <WithStyles(ForwardRef(IconButton))
              aria-label="add"
              color="inherit"
              onClick={[MockFunction]}
              size="small"
            >
              <ForwardRef(IconButton)
                aria-label="add"
                classes={
                  Object {
                    "colorInherit": "MuiIconButton-colorInherit",
                    "colorPrimary": "MuiIconButton-colorPrimary",
                    "colorSecondary": "MuiIconButton-colorSecondary",
                    "disabled": "Mui-disabled",
                    "edgeEnd": "MuiIconButton-edgeEnd",
                    "edgeStart": "MuiIconButton-edgeStart",
                    "label": "MuiIconButton-label",
                    "root": "MuiIconButton-root",
                    "sizeSmall": "MuiIconButton-sizeSmall",
                  }
                }
                color="inherit"
                onClick={[MockFunction]}
                size="small"
              >
                <WithStyles(ForwardRef(ButtonBase))
                  aria-label="add"
                  centerRipple={true}
                  className="MuiIconButton-root MuiIconButton-colorInherit MuiIconButton-sizeSmall"
                  disabled={false}
                  focusRipple={true}
                  onClick={[MockFunction]}
                >
                  <ForwardRef(ButtonBase)
                    aria-label="add"
                    centerRipple={true}
                    className="MuiIconButton-root MuiIconButton-colorInherit MuiIconButton-sizeSmall"
                    classes={
                      Object {
                        "disabled": "Mui-disabled",
                        "focusVisible": "Mui-focusVisible",
                        "root": "MuiButtonBase-root",
                      }
                    }
                    disabled={false}
                    focusRipple={true}
                    onClick={[MockFunction]}
                  >
                    <button
                      aria-label="add"
                      className="MuiButtonBase-root MuiIconButton-root MuiIconButton-colorInherit MuiIconButton-sizeSmall"
                      disabled={false}
                      onBlur={[Function]}
                      onClick={[MockFunction]}
                      onDragLeave={[Function]}
                      onFocus={[Function]}
                      onKeyDown={[Function]}
                      onKeyUp={[Function]}
                      onMouseDown={[Function]}
                      onMouseLeave={[Function]}
                      onMouseUp={[Function]}
                      onTouchEnd={[Function]}
                      onTouchMove={[Function]}
                      onTouchStart={[Function]}
                      tabIndex={0}
                      type="button"
                    >
                      <span
                        className="MuiIconButton-label"
                      >
                        <ForwardRef>
                          <WithStyles(ForwardRef(SvgIcon))>
                            <ForwardRef(SvgIcon)
                              classes={
                                Object {
                                  "colorAction": "MuiSvgIcon-colorAction",
                                  "colorDisabled": "MuiSvgIcon-colorDisabled",
                                  "colorError": "MuiSvgIcon-colorError",
                                  "colorPrimary": "MuiSvgIcon-colorPrimary",
                                  "colorSecondary": "MuiSvgIcon-colorSecondary",
                                  "fontSizeInherit": "MuiSvgIcon-fontSizeInherit",
                                  "fontSizeLarge": "MuiSvgIcon-fontSizeLarge",
                                  "fontSizeSmall": "MuiSvgIcon-fontSizeSmall",
                                  "root": "MuiSvgIcon-root",
                                }
                              }
                            >
                              <svg
                                aria-hidden={true}
                                className="MuiSvgIcon-root"
                                focusable="false"
                                viewBox="0 0 24 24"
                              >
                                <path
                                  d="M19 13h-6v6h-2v-6H5v-2h6V5h2v6h6v2z"
                                />
                              </svg>
                            </ForwardRef(SvgIcon)>
                          </WithStyles(ForwardRef(SvgIcon))>
                        </ForwardRef>
                      </span>
                      <WithStyles(memo)
                        center={true}
                      >
                        <ForwardRef(TouchRipple)
                          center={true}
                          classes={
                            Object {
                              "child": "MuiTouchRipple-child",
                              "childLeaving": "MuiTouchRipple-childLeaving",
                              "childPulsate": "MuiTouchRipple-childPulsate",
                              "ripple": "MuiTouchRipple-ripple",
                              "ripplePulsate": "MuiTouchRipple-ripplePulsate",
                              "rippleVisible": "MuiTouchRipple-rippleVisible",
                              "root": "MuiTouchRipple-root",
                            }
                          }
                        >
                          <span
                            className="MuiTouchRipple-root"
                          >
                            <TransitionGroup
                              childFactory={[Function]}
                              component={null}
                              exit={true}
                            />
                          </span>
                        </ForwardRef(TouchRipple)>
                      </WithStyles(memo)>
                    </button>
                  </ForwardRef(ButtonBase)>
                </WithStyles(ForwardRef(ButtonBase))>
              </ForwardRef(IconButton)>
            </WithStyles(ForwardRef(IconButton))>
          </div>
        </Styled(MuiBox)>
      </Styled(Styled(MuiBox))>
    </ForwardRef>
  </Styled(Component)>
</CountButton>
`;
